// Jest Snapshot v1, https://goo.gl/fbAQLP

exports[`eventNamesValidation helper function tested Should not be able validate event names 1`] = `"- No event was found with 'clicked' name."`;
